#-----------------------------------------------------------
# xsim v2023.2 (64-bit)
# SW Build 4029153 on Fri Oct 13 20:14:34 MDT 2023
# IP Build 4028589 on Sat Oct 14 00:45:43 MDT 2023
# SharedData Build 4025554 on Tue Oct 10 17:18:54 MDT 2023
# Start of session at: Tue Sep 29 20:07:19 2026
# Process ID: 9336
# Current directory: C:/Users/Dhananjay Dhumal/mpc_3_phase_im/sim_clarke
# Command line: xsim.exe -mode tcl -source {xsim.dir/snap_param/xsim_script.tcl}
# Log file: C:/Users/Dhananjay Dhumal/mpc_3_phase_im/sim_clarke/xsim.log
# Journal file: C:/Users/Dhananjay Dhumal/mpc_3_phase_im/sim_clarke\xsim.jou
# Running On: LAPTOP-0Q2U4T72, OS: Windows, CPU Frequency: 2918 MHz, CPU Physical cores: 14, Host memory: 16908 MB
#-----------------------------------------------------------
source xsim.dir/snap_param/xsim_script.tcl
# xsim {snap_param} -autoloadwcfg -runall
Time resolution is 1 ps
run -all
SPEED_SCALE_USER = -137602
SPEED_SCALE_64   = 13176796
$finish called at time : 0 fs : File "C:/Users/Dhananjay Dhumal/mpc_3_phase_im/sim_clarke/tb_param_check.v" Line 13
exit
INFO: [Common 17-206] Exiting xsim at Tue Sep 29 20:07:24 2026...
