#-----------------------------------------------------------
# xsim v2023.2 (64-bit)
# SW Build 4029153 on Fri Oct 13 20:14:34 MDT 2023
# IP Build 4028589 on Sat Oct 14 00:45:43 MDT 2023
# SharedData Build 4025554 on Tue Oct 10 17:18:54 MDT 2023
# Start of session at: Tue Sep 29 13:53:35 2026
# Process ID: 19852
# Current directory: C:/Users/Dhananjay Dhumal/mpc_3_phase_im/sim_clarke
# Command line: xsim.exe -mode tcl -source {xsim.dir/tb_clarke_snap/xsim_script.tcl}
# Log file: C:/Users/Dhananjay Dhumal/mpc_3_phase_im/sim_clarke/xsim.log
# Journal file: C:/Users/Dhananjay Dhumal/mpc_3_phase_im/sim_clarke\xsim.jou
# Running On: LAPTOP-0Q2U4T72, OS: Windows, CPU Frequency: 2918 MHz, CPU Physical cores: 14, Host memory: 16908 MB
#-----------------------------------------------------------
source xsim.dir/tb_clarke_snap/xsim_script.tcl
# xsim {tb_clarke_snap} -autoloadwcfg -runall
Time resolution is 1 ps
run -all
===================================================================
       RIGOROUS VERIFICATION TESTBENCH: clarke_transform.v         
===================================================================

--- PHASE 1: Quiescent Zero Current Verification Across Offsets ---
[PASS #001] Alpha:  0.000 A | Beta:  0.000 A | (Exp:  0.000,  0.000) | t at Offset=3115
[PASS #002] Alpha:  0.000 A | Beta:  0.000 A | (Exp:  0.000,  0.000) | t at Offset=2048
[PASS #003] Alpha:  0.000 A | Beta:  0.000 A | (Exp:  0.000,  0.000) | t at Offset=1985
[PASS #004] Alpha:  0.000 A | Beta:  0.000 A | (Exp:  0.000,  0.000) | t at Offset=3474

--- PHASE 2: DC Current Steps (+/- 1A to +/- 5A at Nominal Offset) ---
[PASS #005] Alpha:  0.999 A | Beta:  0.000 A | (Exp:  0.999,  0.000) |  A Balanced Step
[PASS #006] Alpha:  1.998 A | Beta:  0.000 A | (Exp:  1.998,  0.000) |  A Balanced Step
[PASS #007] Alpha:  2.997 A | Beta:  0.000 A | (Exp:  2.997,  0.000) |  A Balanced Step
[PASS #008] Alpha:  3.996 A | Beta:  0.000 A | (Exp:  3.996,  0.000) |  A Balanced Step
[PASS #009] Alpha:  4.995 A | Beta:  0.000 A | (Exp:  4.995,  0.000) |  A Balanced Step
[PASS #010] Alpha: -0.999 A | Beta:  0.000 A | (Exp: -0.999,  0.000) |  A Balanced Step
[PASS #011] Alpha: -1.998 A | Beta:  0.000 A | (Exp: -1.998,  0.000) |  A Balanced Step
[PASS #012] Alpha: -2.997 A | Beta:  0.000 A | (Exp: -2.997,  0.000) |  A Balanced Step
[PASS #013] Alpha: -3.996 A | Beta:  0.000 A | (Exp: -3.996,  0.000) |  A Balanced Step
[PASS #014] Alpha: -4.995 A | Beta:  0.000 A | (Exp: -4.995,  0.000) |  A Balanced Step
[PASS #015] Alpha:  0.000 A | Beta:  1.154 A | (Exp:  0.000,  1.154) | eta Current Step

--- PHASE 3: 360-Degree Rotating Vector Trajectory (3.0A Peak) ---
[PASS #020] Alpha:  2.949 A | Beta:  0.530 A | (Exp:  2.949,  0.530) | on (10 deg step)
[PASS #030] Alpha: -1.015 A | Beta:  2.819 A | (Exp: -1.015,  2.819) | on (10 deg step)
[PASS #040] Alpha: -2.594 A | Beta: -1.498 A | (Exp: -2.594, -1.498) | on (10 deg step)
[PASS #050] Alpha:  1.917 A | Beta: -2.298 A | (Exp:  1.917, -2.298) | on (10 deg step)

--- PHASE 4: Dynamic Offset Modulation & Mid-Conversion Hazard Tests ---
-> Test 4A: Tracking dynamic thermal drift across consecutive samples
[PASS #060] Alpha:  1.998 A | Beta:  0.000 A | (Exp:  1.998,  0.000) | l Drift Tracking
-> Test 4B: Mid-Conversion Offset Glitch Immunity Test
[7825000] Injecting severe offset glitch during mid-pipeline (3115 -> 2048)...
[PASS #065] Mid-conversion offset glitch safely rejected! Output:  1.998 A (Registered at Step 0).

--- PHASE 5: Consecutive Zero-Slack Back-to-Back Conversions ---
[PASS] Completed 8 zero-slack consecutive conversions with zero throughput penalty.

--- PHASE 6: Mid-Computation Asynchronous Reset Recovery ---
[8835000] Asserting rst_n LOW during Step 4...
[PASS #074] Asynchronous reset cleanly cleared pipeline.

===================================================================
             CLARKE TRANSFORM TESTBENCH EXECUTION SUMMARY          
===================================================================
 Total Conversion Tests Evaluated   : 75
 Passed Tests                       : 75
 Failed Tests                       : 0
===================================================================
 >>> ALL CLARKE TRANSFORM TESTS PASSED PERFECTLY! ZERO ERRORS. <<< 

$finish called at time : 9035 ns : File "C:/Users/Dhananjay Dhumal/mpc_3_phase_im/mpc_3_phase_im.srcs/sim_1/imports/tb/tb_clarke_transform.v" Line 362
exit
INFO: [Common 17-206] Exiting xsim at Tue Sep 29 13:53:38 2026...
