#-----------------------------------------------------------
# xsim v2023.2 (64-bit)
# SW Build 4029153 on Fri Oct 13 20:14:34 MDT 2023
# IP Build 4028589 on Sat Oct 14 00:45:43 MDT 2023
# SharedData Build 4025554 on Tue Oct 10 17:18:54 MDT 2023
# Start of session at: Fri Oct  2 20:31:20 2026
# Process ID: 8500
# Current directory: C:/Users/Dhananjay Dhumal/mpc_3_phase_im/sim_gate
# Command line: xsim.exe -mode tcl -source {xsim.dir/tb_gate_snap/xsim_script.tcl}
# Log file: C:/Users/Dhananjay Dhumal/mpc_3_phase_im/sim_gate/xsim.log
# Journal file: C:/Users/Dhananjay Dhumal/mpc_3_phase_im/sim_gate\xsim.jou
# Running On: LAPTOP-0Q2U4T72, OS: Windows, CPU Frequency: 2918 MHz, CPU Physical cores: 14, Host memory: 16908 MB
#-----------------------------------------------------------
source xsim.dir/tb_gate_snap/xsim_script.tcl
# xsim {tb_gate_snap} -autoloadwcfg -runall
Time resolution is 1 ps
run -all
===================================================================
       RIGOROUS VERIFICATION TESTBENCH: gate_driver.v             
   Testing Dead-Time (2.0 us), Shoot-Through, 64 State Transitions 
===================================================================

--- PHASE 1: Asynchronous Reset Verification ---
[PASS #001] Reset active: All 6 gates strictly driven LOW (000000)

--- PHASE 2: Disabled Inverter Safety (enable == 0) ---
[PASS #002] Disabled state: Inverter remains high-Z (all 6 gates 0) even when vector commanded
[PASS #003] Vector 000: Gates A={0,1} B={0,1} C={0,1} | Initial Vector 0 (000)

--- PHASE 3: Cycle-Accurate Dead-Time Measurement (Phase A) ---
[PASS #004] Break-Before-Make: gate_al turned OFF on Cycle 1. Both gates now OFF.
[PASS #005] Dead-Time (Low->High): Measured EXACTLY 200 cycles (2000.0 ns)!
[PASS #006] Break-Before-Make: gate_ah turned OFF on Cycle 1. Both gates now OFF.
[PASS #007] Dead-Time (High->Low): Measured EXACTLY 200 cycles (2000.0 ns)!

--- PHASE 4: Phase Independence & Invariance Test ---
Transitioning Vector 1 (100) -> Vector 2 (110). Phase A and C must NEVER glitch!
[PASS #008] Phase Invariance: gate_ah held steady HIGH and gate_cl held steady HIGH during Phase B dead-time!
[PASS #009] Vector 110: Gates A={1,0} B={1,0} C={0,1} | Steady State Vector 2 (110)

--- PHASE 5: Adversarial Enable-Bounce Shoot-Through Audit ---
Simulating pushbutton chatter: enable drops for 4 clock cycles then returns...
[PASS #010] Enable bounce: All 6 gates immediately forced to 0 within 1 cycle
[PASS #011] Anti-Shoot-Through: gate_al safely blocked from turning ON upon re-enable!
[PASS #012] Vector 000: Gates A={0,1} B={0,1} C={0,1} | Vector 0 (000) cleanly established after re-enable dead-time

--- PHASE 6: Exhaustive 64-Transition Matrix Sweep (All Vi -> Vj) ---
Testing all 64 possible state transitions across 8 vectors (Vi: 0..7 to Vj: 0..7)...
[PASS #013] Vector 000: Gates A={0,1} B={0,1} C={0,1} | 64-Transition matrix element
[PASS #014] Vector 001: Gates A={0,1} B={0,1} C={1,0} | 64-Transition matrix element
[PASS #015] Vector 010: Gates A={0,1} B={1,0} C={0,1} | 64-Transition matrix element
[PASS #016] Vector 011: Gates A={0,1} B={1,0} C={1,0} | 64-Transition matrix element
[PASS #017] Vector 100: Gates A={1,0} B={0,1} C={0,1} | 64-Transition matrix element
[PASS #018] Vector 101: Gates A={1,0} B={0,1} C={1,0} | 64-Transition matrix element
[PASS #019] Vector 110: Gates A={1,0} B={1,0} C={0,1} | 64-Transition matrix element
[PASS #020] Vector 111: Gates A={1,0} B={1,0} C={1,0} | 64-Transition matrix element
[PASS #021] Vector 000: Gates A={0,1} B={0,1} C={0,1} | 64-Transition matrix element
[PASS #022] Vector 001: Gates A={0,1} B={0,1} C={1,0} | 64-Transition matrix element
[PASS #023] Vector 010: Gates A={0,1} B={1,0} C={0,1} | 64-Transition matrix element
[PASS #024] Vector 011: Gates A={0,1} B={1,0} C={1,0} | 64-Transition matrix element
[PASS #025] Vector 100: Gates A={1,0} B={0,1} C={0,1} | 64-Transition matrix element
[PASS #026] Vector 101: Gates A={1,0} B={0,1} C={1,0} | 64-Transition matrix element
[PASS #027] Vector 110: Gates A={1,0} B={1,0} C={0,1} | 64-Transition matrix element
[PASS #028] Vector 111: Gates A={1,0} B={1,0} C={1,0} | 64-Transition matrix element
[PASS #029] Vector 000: Gates A={0,1} B={0,1} C={0,1} | 64-Transition matrix element
[PASS #030] Vector 001: Gates A={0,1} B={0,1} C={1,0} | 64-Transition matrix element
[PASS #031] Vector 010: Gates A={0,1} B={1,0} C={0,1} | 64-Transition matrix element
[PASS #032] Vector 011: Gates A={0,1} B={1,0} C={1,0} | 64-Transition matrix element
[PASS #033] Vector 100: Gates A={1,0} B={0,1} C={0,1} | 64-Transition matrix element
[PASS #034] Vector 101: Gates A={1,0} B={0,1} C={1,0} | 64-Transition matrix element
[PASS #035] Vector 110: Gates A={1,0} B={1,0} C={0,1} | 64-Transition matrix element
[PASS #036] Vector 111: Gates A={1,0} B={1,0} C={1,0} | 64-Transition matrix element
[PASS #037] Vector 000: Gates A={0,1} B={0,1} C={0,1} | 64-Transition matrix element
[PASS #038] Vector 001: Gates A={0,1} B={0,1} C={1,0} | 64-Transition matrix element
[PASS #039] Vector 010: Gates A={0,1} B={1,0} C={0,1} | 64-Transition matrix element
[PASS #040] Vector 011: Gates A={0,1} B={1,0} C={1,0} | 64-Transition matrix element
[PASS #041] Vector 100: Gates A={1,0} B={0,1} C={0,1} | 64-Transition matrix element
[PASS #042] Vector 101: Gates A={1,0} B={0,1} C={1,0} | 64-Transition matrix element
[PASS #043] Vector 110: Gates A={1,0} B={1,0} C={0,1} | 64-Transition matrix element
[PASS #044] Vector 111: Gates A={1,0} B={1,0} C={1,0} | 64-Transition matrix element
[PASS #045] Vector 000: Gates A={0,1} B={0,1} C={0,1} | 64-Transition matrix element
[PASS #046] Vector 001: Gates A={0,1} B={0,1} C={1,0} | 64-Transition matrix element
[PASS #047] Vector 010: Gates A={0,1} B={1,0} C={0,1} | 64-Transition matrix element
[PASS #048] Vector 011: Gates A={0,1} B={1,0} C={1,0} | 64-Transition matrix element
[PASS #049] Vector 100: Gates A={1,0} B={0,1} C={0,1} | 64-Transition matrix element
[PASS #050] Vector 101: Gates A={1,0} B={0,1} C={1,0} | 64-Transition matrix element
[PASS #051] Vector 110: Gates A={1,0} B={1,0} C={0,1} | 64-Transition matrix element
[PASS #052] Vector 111: Gates A={1,0} B={1,0} C={1,0} | 64-Transition matrix element
[PASS #053] Vector 000: Gates A={0,1} B={0,1} C={0,1} | 64-Transition matrix element
[PASS #054] Vector 001: Gates A={0,1} B={0,1} C={1,0} | 64-Transition matrix element
[PASS #055] Vector 010: Gates A={0,1} B={1,0} C={0,1} | 64-Transition matrix element
[PASS #056] Vector 011: Gates A={0,1} B={1,0} C={1,0} | 64-Transition matrix element
[PASS #057] Vector 100: Gates A={1,0} B={0,1} C={0,1} | 64-Transition matrix element
[PASS #058] Vector 101: Gates A={1,0} B={0,1} C={1,0} | 64-Transition matrix element
[PASS #059] Vector 110: Gates A={1,0} B={1,0} C={0,1} | 64-Transition matrix element
[PASS #060] Vector 111: Gates A={1,0} B={1,0} C={1,0} | 64-Transition matrix element
[PASS #061] Vector 000: Gates A={0,1} B={0,1} C={0,1} | 64-Transition matrix element
[PASS #062] Vector 001: Gates A={0,1} B={0,1} C={1,0} | 64-Transition matrix element
[PASS #063] Vector 010: Gates A={0,1} B={1,0} C={0,1} | 64-Transition matrix element
[PASS #064] Vector 011: Gates A={0,1} B={1,0} C={1,0} | 64-Transition matrix element
[PASS #065] Vector 100: Gates A={1,0} B={0,1} C={0,1} | 64-Transition matrix element
[PASS #066] Vector 101: Gates A={1,0} B={0,1} C={1,0} | 64-Transition matrix element
[PASS #067] Vector 110: Gates A={1,0} B={1,0} C={0,1} | 64-Transition matrix element
[PASS #068] Vector 111: Gates A={1,0} B={1,0} C={1,0} | 64-Transition matrix element
[PASS #069] Vector 000: Gates A={0,1} B={0,1} C={0,1} | 64-Transition matrix element
[PASS #070] Vector 001: Gates A={0,1} B={0,1} C={1,0} | 64-Transition matrix element
[PASS #071] Vector 010: Gates A={0,1} B={1,0} C={0,1} | 64-Transition matrix element
[PASS #072] Vector 011: Gates A={0,1} B={1,0} C={1,0} | 64-Transition matrix element
[PASS #073] Vector 100: Gates A={1,0} B={0,1} C={0,1} | 64-Transition matrix element
[PASS #074] Vector 101: Gates A={1,0} B={0,1} C={1,0} | 64-Transition matrix element
[PASS #075] Vector 110: Gates A={1,0} B={1,0} C={0,1} | 64-Transition matrix element
[PASS #076] Vector 111: Gates A={1,0} B={1,0} C={1,0} | 64-Transition matrix element
[PASS] Completed full 64-transition matrix sweep with zero shoot-through events!

--- PHASE 7: Interrupted Transition During Dead-Time ---
[PASS #077] Vector 000: Gates A={0,1} B={0,1} C={0,1} | Abort back to 000 during dead-time handled cleanly

===================================================================
           GATE DRIVER TESTBENCH EXECUTION SUMMARY                 
===================================================================
 Total Verification Tests Evaluated : 77
 Passed Tests                       : 77
 Failed Tests                       : 0
 Shoot-Through Incidents Detected   : 0
===================================================================
 >>> ALL GATE DRIVER TESTS PASSED PERFECTLY! ZERO SHOOT-THROUGHS. <<< 

$finish called at time : 305225 ns : File "C:/Users/Dhananjay Dhumal/mpc_3_phase_im/mpc_3_phase_im.srcs/sim_1/imports/tb/tb_gate_driver.v" Line 427
exit
INFO: [Common 17-206] Exiting xsim at Fri Oct  2 20:31:22 2026...
