#-----------------------------------------------------------
# xsim v2023.2 (64-bit)
# SW Build 4029153 on Fri Oct 13 20:14:34 MDT 2023
# IP Build 4028589 on Sat Oct 14 00:45:43 MDT 2023
# SharedData Build 4025554 on Tue Oct 10 17:18:54 MDT 2023
# Start of session at: Fri Oct  2 20:25:02 2026
# Process ID: 30100
# Current directory: C:/Users/Dhananjay Dhumal/mpc_3_phase_im/sim_gate
# Command line: xsim.exe -mode tcl -source {xsim.dir/test_scaled_snap/xsim_script.tcl}
# Log file: C:/Users/Dhananjay Dhumal/mpc_3_phase_im/sim_gate/xsim.log
# Journal file: C:/Users/Dhananjay Dhumal/mpc_3_phase_im/sim_gate\xsim.jou
# Running On: LAPTOP-0Q2U4T72, OS: Windows, CPU Frequency: 2918 MHz, CPU Physical cores: 14, Host memory: 16908 MB
#-----------------------------------------------------------
source xsim.dir/test_scaled_snap/xsim_script.tcl
# xsim {test_scaled_snap} -autoloadwcfg -runall
Time resolution is 1 ps
run -all
TS_Q        = 105 (Target: 105)
E22         = 1048034 (Target: 1048034)
E21         = 29 (Target: 110)
D1          = 9016 (Target: 9016)
C13         = 8758 (Target: 8758)
C12         = 45224 (Target: 45224)
C11         = 1029293 (Target: 1029293)
KT          = 3055130 (Target: 3055130)
SPEED_SCALE = 13176795 (Target: 13176795)
>>> MISMATCH DETECTED! <<<
exit
INFO: [Common 17-206] Exiting xsim at Fri Oct  2 20:25:04 2026...
