#-----------------------------------------------------------
# xsim v2023.2 (64-bit)
# SW Build 4029153 on Fri Oct 13 20:14:34 MDT 2023
# IP Build 4028589 on Sat Oct 14 00:45:43 MDT 2023
# SharedData Build 4025554 on Tue Oct 10 17:18:54 MDT 2023
# Start of session at: Sun Sep 27 23:06:06 2026
# Process ID: 7908
# Current directory: C:/Users/Dhananjay Dhumal/mpc_3_phase_im
# Command line: xsim.exe -mode tcl -source {xsim.dir/tb_adc_snap/xsim_script.tcl}
# Log file: C:/Users/Dhananjay Dhumal/mpc_3_phase_im/xsim.log
# Journal file: C:/Users/Dhananjay Dhumal/mpc_3_phase_im\xsim.jou
# Running On: LAPTOP-0Q2U4T72, OS: Windows, CPU Frequency: 2918 MHz, CPU Physical cores: 14, Host memory: 16908 MB
#-----------------------------------------------------------
source xsim.dir/tb_adc_snap/xsim_script.tcl
# xsim {tb_adc_snap} -autoloadwcfg -runall
Time resolution is 1 ps
run -all
===================================================================
         STARTING Pmod AD1 (AD7476A) RIGOROUS VERIFICATION TB      
===================================================================
[PASS] Reset state verified: CS_N=1 (idle), SCLK=0, done=0.

--- PHASE 1: Running 128 Core Samples (Edge Cases & Patterns) ---
[PASS #001] CH0: 0000 (0x000) | CH1: 0000 (0x000) | dge: Minimum (0)
[PASS #002] CH0: 4095 (0xfff) | CH1: 4095 (0xfff) | : Maximum (4095)
[PASS #003] CH0: 2048 (0x800) | CH1: 2048 (0x800) | -scale 0A (2048)
[PASS #004] CH0: 2047 (0x7ff) | CH1: 2047 (0x7ff) | scale - 1 (2047)
[PASS #005] CH0: 2049 (0x801) | CH1: 2049 (0x801) | scale + 1 (2049)
[PASS #006] CH0: 0001 (0x001) | CH1: 0001 (0x001) | dge: Min + 1 (1)
[PASS #007] CH0: 4094 (0xffe) | CH1: 4094 (0xffe) | : Max - 1 (4094)
[PASS #008] CH0: 2730 (0xaaa) | CH1: 2730 (0xaaa) | A (Checkerboard)
[PASS #009] CH0: 1365 (0x555) | CH1: 1365 (0x555) | ed Checkerboard)
[PASS #010] CH0: 0291 (0x123) | CH1: 3770 (0xeba) | tric: Ch0 != Ch1
[PASS #064] CH0: 2552 (0x9f8) | CH1: 1543 (0x607) | namic range ramp
[PASS #128] CH0: 0915 (0x393) | CH1: 3068 (0xbfc) | bit verification
>>> Completed Phase 1: Total 128 samples taken. <<<

--- PHASE 2: Running 32 Samples with Consecutive & Random Timing ---
-> Sub-phase 2A: 16 Consecutive Back-to-Back samples (0-5 clk spacing across QUIET window)
-> Sub-phase 2B: 16 Random Interval samples (5 to 300 clock cycles spacing)
[PASS #155] CH0: 3396 (0xd44) | CH1: 3600 (0xe10) |  Interval Sample
[PASS #156] CH0: 2818 (0xb02) | CH1: 2981 (0xba5) |  Interval Sample
[PASS #157] CH0: 1145 (0x479) | CH1: 2476 (0x9ac) |  Interval Sample
[PASS #158] CH0: 0449 (0x1c1) | CH1: 0654 (0x28e) |  Interval Sample
[PASS #159] CH0: 0783 (0x30f) | CH1: 2492 (0x9bc) |  Interval Sample
[PASS #160] CH0: 3879 (0xf27) | CH1: 2102 (0x836) |  Interval Sample

--- PHASE 3: Mid-Transaction Reset Recovery Verification ---
[239955000] Asserting rst_n LOW in the middle of active SPI conversion...
[PASS] Mid-transaction reset cleanly aborted conversion and parked lines.
[PASS #161] CH0: 0969 (0x3c9) | CH1: 3126 (0xc36) |  Recovery Sample

===================================================================
                 PMOD AD1 TESTBENCH EXECUTION SUMMARY              
===================================================================
 Total Conversion Samples Evaluated : 161
 Passed Samples                     : 162
 Failed Samples                     : 0
 t_QUIET Timing Violations (<40ns)  : 0
===================================================================
 >>> ALL 160+ TESTS PASSED PERFECTLY! ZERO ERRORS DETECTED. <<< 

$finish called at time : 241515 ns : File "C:/Users/Dhananjay Dhumal/mpc_3_phase_im/mpc_3_phase_im.srcs/sim_1/imports/tb/tb_adc_pmod_ad1.v" Line 352
exit
INFO: [Common 17-206] Exiting xsim at Sun Sep 27 23:06:08 2026...
