#-----------------------------------------------------------
# xsim v2023.2 (64-bit)
# SW Build 4029153 on Fri Oct 13 20:14:34 MDT 2023
# IP Build 4028589 on Sat Oct 14 00:45:43 MDT 2023
# SharedData Build 4025554 on Tue Oct 10 17:18:54 MDT 2023
# Start of session at: Fri Oct  2 21:12:35 2026
# Process ID: 21012
# Current directory: C:/Users/Dhananjay Dhumal/mpc_3_phase_im
# Command line: xsim.exe -mode tcl -source {xsim.dir/snap_params_check/xsim_script.tcl}
# Log file: C:/Users/Dhananjay Dhumal/mpc_3_phase_im/xsim.log
# Journal file: C:/Users/Dhananjay Dhumal/mpc_3_phase_im\xsim.jou
# Running On: LAPTOP-0Q2U4T72, OS: Windows, CPU Frequency: 2918 MHz, CPU Physical cores: 14, Host memory: 16908 MB
#-----------------------------------------------------------
source xsim.dir/snap_params_check/xsim_script.tcl
# xsim {snap_params_check} -autoloadwcfg -runall
Time resolution is 1 ps
run -all
================================================================================
VERILOG COMPILE-TIME PARAMETER VERIFICATION
================================================================================
TS_Q        = 105 (expected 105)
E22         = 1048034 (expected 1048034)
E21         = 110 (expected 110)
SIGMA_LS_UH = 11788 (expected 11788)
D1          = 9016 (expected 9016)
C13         = 8758 (expected 8758)
C12         = 45224 (expected 45224)
C11         = 1029293 (expected 1029293)
KT          = 3055130 (expected 3055130)
SPEED_SCALE = 13176795 (expected 13176795)
SPEED_LIMIT = 321 rad/s (expected 321)
PSI_V_F     = 1006633 (expected 1006633)
PSI_REF     = 1006633 (expected 1006633)
PSI_REF_SQ  = 966367 (expected 966367)
ALL 11 DERIVED CONSTANTS MATCH DEFAULT VALUES 100% EXACTLY!
================================================================================
$finish called at time : 0 fs : File "C:/Users/Dhananjay Dhumal/mpc_3_phase_im/sim_params_check.v" Line 41
exit
INFO: [Common 17-206] Exiting xsim at Fri Oct  2 21:12:37 2026...
