#-----------------------------------------------------------
# xsim v2023.2 (64-bit)
# SW Build 4029153 on Fri Oct 13 20:14:34 MDT 2023
# IP Build 4028589 on Sat Oct 14 00:45:43 MDT 2023
# SharedData Build 4025554 on Tue Oct 10 17:18:54 MDT 2023
# Start of session at: Fri Oct  2 21:13:51 2026
# Process ID: 29248
# Current directory: C:/Users/Dhananjay Dhumal/mpc_3_phase_im
# Command line: xsim.exe -mode tcl -source {xsim.dir/snap_modules_check/xsim_script.tcl}
# Log file: C:/Users/Dhananjay Dhumal/mpc_3_phase_im/xsim.log
# Journal file: C:/Users/Dhananjay Dhumal/mpc_3_phase_im\xsim.jou
# Running On: LAPTOP-0Q2U4T72, OS: Windows, CPU Frequency: 2918 MHz, CPU Physical cores: 14, Host memory: 16908 MB
#-----------------------------------------------------------
source xsim.dir/snap_modules_check/xsim_script.tcl
# xsim {snap_modules_check} -autoloadwcfg -runall
Time resolution is 1 ps
run -all
================================================================================
CHECKING MODULES PARAMETER LINKING
================================================================================
flux_observer.E21  = 220 (matches `E21: 220)
flux_observer.E22  = 1047492 (matches `E22: 1047492)
flux_observer.TS_Q = 105 (matches `TS_Q: 105)
motor_predictor.C11  = 1020108 (matches `C11: 1020108)
motor_predictor.C12  = 90448 (matches `C12: 90448)
motor_predictor.C13  = 8758 (matches `C13: 8758)
motor_predictor.D1   = 9016 (matches `D1: 9016)
motor_predictor.E21  = 220 (matches `E21: 220)
motor_predictor.E22  = 1047492 (matches `E22: 1047492)
motor_predictor.TS_Q = 105 (matches `TS_Q: 105)
cost_evaluator.KT             = 3055130 (matches `KT: 3055130)
cost_evaluator.PSI_REF_SQ     = 966367 (matches `PSI_REF_SQ: 966367)
cost_evaluator.TE_REF_DEFAULT = 5242880 (matches `TE_REF_DEFAULT: 5242880)
cost_evaluator.LAMBDA_T       = 1048576 (matches `LAMBDA_T: 1048576)
cost_evaluator.LAMBDA_PSI     = 104857600 (matches `LAMBDA_PSI: 104857600)

ALL 15 LOCALPARAMS IN SUBMODULES ARE DYNAMICALLY LINKED TO MPC_PARAMS.VH!
================================================================================
$finish called at time : 0 fs : File "C:/Users/Dhananjay Dhumal/mpc_3_phase_im/tb_modules_param_check.v" Line 84
exit
INFO: [Common 17-206] Exiting xsim at Fri Oct  2 21:13:53 2026...
