Vivado Simulator v2023.2
Copyright 1986-2022 Xilinx, Inc. All Rights Reserved.
Copyright 2022-2023 Advanced Micro Devices, Inc. All Rights Reserved.
Running: C:/Xilinx/Vivado/2023.2/bin/unwrapped/win64.o/xelab.exe --incr --debug typical --relax --mt 2 -L xil_defaultlib -L unisims_ver -L unimacro_ver -L secureip --snapshot tb_mpc_top_behav xil_defaultlib.tb_mpc_top xil_defaultlib.glbl -log elaborate.log 
Using 2 slave threads.
Starting static elaboration
Pass Through NonSizing Optimizer
WARNING: [VRFC 10-3091] actual bit length 4 differs from formal bit length 5 for port 'fsm_state_out' [C:/Users/Dhananjay Dhumal/mpc_3_phase_im/mpc_3_phase_im.srcs/sources_1/imports/rtl/mpc_top.v:335]
Completed static elaboration
Starting simulation data flow analysis
Completed simulation data flow analysis
Time Resolution for simulation is 1ps
Compiling module xil_defaultlib.adc_pmod_ad1
Compiling module xil_defaultlib.encoder_reader
Compiling module xil_defaultlib.clarke_transform
Compiling module xil_defaultlib.flux_observer
Compiling module xil_defaultlib.vdc_manager
Compiling module xil_defaultlib.voltage_lut
Compiling module xil_defaultlib.motor_predictor
Compiling module xil_defaultlib.cost_evaluator
Compiling module xil_defaultlib.optimal_selector
Compiling module xil_defaultlib.gate_driver
Compiling module xil_defaultlib.control_fsm
Compiling module xil_defaultlib.mpc_top
Compiling module xil_defaultlib.tb_mpc_top
Compiling module xil_defaultlib.glbl
Built simulation snapshot tb_mpc_top_behav
