#-----------------------------------------------------------
# xsim v2023.2 (64-bit)
# SW Build 4029153 on Fri Oct 13 20:14:34 MDT 2023
# IP Build 4028589 on Sat Oct 14 00:45:43 MDT 2023
# SharedData Build 4025554 on Tue Oct 10 17:18:54 MDT 2023
# Start of session at: Thu Oct  1 09:42:39 2026
# Process ID: 24540
# Current directory: C:/Users/Dhananjay Dhumal/mpc_3_phase_im/sim_speed_pi
# Command line: xsim.exe -mode tcl -source {xsim.dir/tb_pi_snap/xsim_script.tcl}
# Log file: C:/Users/Dhananjay Dhumal/mpc_3_phase_im/sim_speed_pi/xsim.log
# Journal file: C:/Users/Dhananjay Dhumal/mpc_3_phase_im/sim_speed_pi\xsim.jou
# Running On: LAPTOP-0Q2U4T72, OS: Windows, CPU Frequency: 2918 MHz, CPU Physical cores: 14, Host memory: 16908 MB
#-----------------------------------------------------------
source xsim.dir/tb_pi_snap/xsim_script.tcl
# xsim {tb_pi_snap} -autoloadwcfg -runall
Time resolution is 1 ps
run -all
===================================================================
       RIGOROUS VERIFICATION TESTBENCH: speed_pi.v                
       Configuration: Conservative, Safe, Slow-Ramp PI Gains       
       Kp = 0.5 Nm/(rad/s), Ki = 0.0005 (Continuous Ki = 5.0/s)    
===================================================================

--- PHASE 1: Asynchronous Reset Verification ---
[PASS #001] Asynchronous reset active: te_ref = 0.000 Nm

--- PHASE 2: Zero-Error Steady State (No Proportional Kick, Zero Drift) ---
[PASS #002] Te =   0.000 Nm | Expected:   0.000 Nm (Err:  0.0000 Nm) | Zero Speed Error: Torque remains rock-solid 0 Nm
[PASS #003] Te =   0.000 Nm | Expected:   0.000 Nm (Err:  0.0000 Nm) | Zero Speed Error: Torque remains rock-solid 0 Nm
[PASS #004] Te =   0.000 Nm | Expected:   0.000 Nm (Err:  0.0000 Nm) | Zero Speed Error: Torque remains rock-solid 0 Nm
[PASS #005] Te =   0.000 Nm | Expected:   0.000 Nm (Err:  0.0000 Nm) | Zero Speed Error: Torque remains rock-solid 0 Nm
[PASS #006] Te =   0.000 Nm | Expected:   0.000 Nm (Err:  0.0000 Nm) | Zero Speed Error: Torque remains rock-solid 0 Nm

--- PHASE 3: Gentle Proportional Response & Slow Integration ---
[PASS #007] Te =   5.100 Nm | Expected:   5.100 Nm (Err:  0.0000 Nm) | Sample 1: Gentle proportional torque (5.1 Nm) vs 20 Nm ceiling
[PASS #008] Sample 02: Smooth, steady accumulation (+0.10 Nm/tick) -> Te = 5.200 Nm
[PASS #009] Sample 03: Smooth, steady accumulation (+0.10 Nm/tick) -> Te = 5.300 Nm
[PASS #010] Sample 04: Smooth, steady accumulation (+0.10 Nm/tick) -> Te = 5.400 Nm
[PASS #011] Sample 05: Smooth, steady accumulation (+0.10 Nm/tick) -> Te = 5.500 Nm
[PASS #012] Sample 06: Smooth, steady accumulation (+0.10 Nm/tick) -> Te = 5.600 Nm
[PASS #013] Sample 07: Smooth, steady accumulation (+0.10 Nm/tick) -> Te = 5.700 Nm
[PASS #014] Sample 08: Smooth, steady accumulation (+0.10 Nm/tick) -> Te = 5.800 Nm
[PASS #015] Sample 09: Smooth, steady accumulation (+0.10 Nm/tick) -> Te = 5.900 Nm
[PASS #016] Sample 10: Smooth, steady accumulation (+0.10 Nm/tick) -> Te = 6.000 Nm

--- PHASE 4: Positive Saturation & Anti-Windup Clamping ---
Applying large speed error (100 rad/s) for 100 control cycles to test saturation...
[PASS #017] Deep Saturation: Output strictly clamped to TE_MAX (+20.000 Nm = 20971520 counts)

--- PHASE 5: Instantaneous Unwind on Speed Reversal ---
Simulating motor overshoot (ref = 100 rad/s, fb = 110 rad/s -> err = -10 rad/s)...
[PASS #018] Anti-Windup Success: Torque immediately dropped from ceiling to -3.100 Nm on cycle 1 of reversal!

--- PHASE 6: Negative Saturation & 4-Quadrant Reverse Torque ---
Commanding reverse speed (-100 rad/s) for 100 control cycles...
[PASS #019] Reverse Saturation: Output strictly clamped to TE_MIN (-20.000 Nm = -20971520 counts)
[PASS #020] Reverse Anti-Windup Success: Torque immediately pulled up from floor to 4.100 Nm!

--- PHASE 7: Micro-Scale Resolution & Sub-RPM Precision ---
[PASS #021] Te =   0.051 Nm | Expected:   0.051 Nm (Err:  0.0000 Nm) | Micro Error: 0.1 rad/s -> Te = 0.051 Nm (53,476 counts)

--- PHASE 8: Cycle-Accurate Latency Verification ---
[26495000 ns] Cycle 0: Applied sample_tick
[PASS] Cycles 1..7: Multiplier pipeline running, te_ref cleanly held stable
[PASS #029] Cycle 8: te_ref updated to 10.201 Nm exactly as scheduled!
[PASS #030] Cycle 9: FSM returned to State 0 (Idle, ready for next 100 us tick)

===================================================================
           SPEED PI CONTROLLER TESTBENCH EXECUTION SUMMARY         
===================================================================
 Total Verification Tests Evaluated : 30
 Passed Tests                       : 30
 Failed Tests                       : 0
===================================================================
 >>> ALL SPEED PI CONTROLLER TESTS PASSED PERFECTLY! ZERO ERRORS. <<< 

$finish called at time : 26596 ns : File "C:/Users/Dhananjay Dhumal/mpc_3_phase_im/mpc_3_phase_im.srcs/sim_1/imports/tb/tb_speed_pi.v" Line 371
exit
INFO: [Common 17-206] Exiting xsim at Thu Oct  1 09:42:41 2026...
