#-----------------------------------------------------------
# xsim v2023.2 (64-bit)
# SW Build 4029153 on Fri Oct 13 20:14:34 MDT 2023
# IP Build 4028589 on Sat Oct 14 00:45:43 MDT 2023
# SharedData Build 4025554 on Tue Oct 10 17:18:54 MDT 2023
# Start of session at: Wed Sep 30 09:31:16 2026
# Process ID: 12244
# Current directory: C:/Users/Dhananjay Dhumal/mpc_3_phase_im/sim_vdc
# Command line: xsim.exe -mode tcl -source {xsim.dir/tb_vdc_snap/xsim_script.tcl}
# Log file: C:/Users/Dhananjay Dhumal/mpc_3_phase_im/sim_vdc/xsim.log
# Journal file: C:/Users/Dhananjay Dhumal/mpc_3_phase_im/sim_vdc\xsim.jou
# Running On: LAPTOP-0Q2U4T72, OS: Windows, CPU Frequency: 2918 MHz, CPU Physical cores: 14, Host memory: 16908 MB
#-----------------------------------------------------------
source xsim.dir/tb_vdc_snap/xsim_script.tcl
# xsim {tb_vdc_snap} -autoloadwcfg -runall
Time resolution is 1 ps
run -all
===================================================================
       RIGOROUS VERIFICATION TESTBENCH: vdc_manager.v & voltage_lut 
===================================================================

--- PHASE 1: Reset Safety & Cycle 1-20 Startup Transient ---
[PASS #001] Asynchronous reset active: vdc_q seeded safely to 311V default, valid=0
[55000 ns] Released rst_n. Monitoring startup FSM (Steps 0..7)...
[PASS #002] Startup FSM completed: vdc_valid pulsed high on Step 7!
[PASS #003] Vdc= 311.0V | V1a=207.33V | V2a=103.67V | V2b=179.59V | Startup Default 311V Calculations

--- Checking Adversarial Cycle 9 Zeroing Hazard ---
[PASS #004] Cycles 9..25 Passed: vdc_q remained stable at 311V! No startup zeroing hazard.

--- Testing All 8 Switching Vectors for Vdc = 311.0 V (Nominal 311V Bench Test) ---
[PASS #005] Vector V0: Gates=000 | Alpha=   0.00V | Beta=   0.00V | Mag=   0.00V (   0 deg) | V0 Zero Vector (000)
[PASS #006] Vector V1: Gates=100 | Alpha= 207.33V | Beta=   0.00V | Mag= 207.33V (   0 deg) | V1 Active Vector (100) @ 0 deg
[PASS #007] Vector V2: Gates=110 | Alpha= 103.67V | Beta= 179.59V | Mag= 207.36V (  60 deg) | V2 Active Vector (110) @ +60 deg
[PASS #008] Vector V3: Gates=010 | Alpha=-103.67V | Beta= 179.59V | Mag= 207.36V ( 120 deg) | V3 Active Vector (010) @ +120 deg
[PASS #009] Vector V4: Gates=011 | Alpha=-207.33V | Beta=   0.00V | Mag= 207.33V ( 180 deg) | V4 Active Vector (011) @ 180 deg
[PASS #010] Vector V5: Gates=001 | Alpha=-103.67V | Beta=-179.59V | Mag= 207.36V ( 240 deg) | V5 Active Vector (001) @ 240 deg
[PASS #011] Vector V6: Gates=101 | Alpha= 103.67V | Beta=-179.59V | Mag= 207.36V ( 300 deg) | V6 Active Vector (101) @ 300 deg
[PASS #012] Vector V7: Gates=111 | Alpha=   0.00V | Beta=   0.00V | Mag=   0.00V (   0 deg) | V7 Zero Vector (111)

--- PHASE 2: Mechanical Contact Chatter & Glitch Rejection (< 10 ms) ---
Applying rapid switch contact chatter (bounces shorter than 10 ms debounce filter)...
[PASS #013] 1 ms chatter burst rejected! vdc_q remained 311V, no false trigger.
[PASS #014] 9.9 ms chatter burst rejected! Exactly under 10 ms threshold.

--- PHASE 3: Valid Debounce & Voltage Step Transitions (> 10 ms) ---
[11900336000 ns] Applying sw = 8'h01 (Fine +3V)... waiting 10.01 ms for debounce...

[FATAL TIMEOUT] Simulation exceeded 120 ms!
$finish called at time : 120 ms : File "C:/Users/Dhananjay Dhumal/mpc_3_phase_im/mpc_3_phase_im.srcs/sim_1/imports/tb/tb_vdc_manager.v" Line 74
run: Time (s): cpu = 00:00:01 ; elapsed = 00:00:08 . Memory (MB): peak = 207.102 ; gain = 0.000
exit
INFO: [Common 17-206] Exiting xsim at Wed Sep 30 09:31:26 2026...
