#-----------------------------------------------------------
# xsim v2023.2 (64-bit)
# SW Build 4029153 on Fri Oct 13 20:14:34 MDT 2023
# IP Build 4028589 on Sat Oct 14 00:45:43 MDT 2023
# SharedData Build 4025554 on Tue Oct 10 17:18:54 MDT 2023
# Start of session at: Wed Sep 30 09:34:56 2026
# Process ID: 23784
# Current directory: C:/Users/Dhananjay Dhumal/mpc_3_phase_im/sim_vdc
# Command line: xsim.exe -mode tcl -source {xsim.dir/tb_vdc_snap/xsim_script.tcl}
# Log file: C:/Users/Dhananjay Dhumal/mpc_3_phase_im/sim_vdc/xsim.log
# Journal file: C:/Users/Dhananjay Dhumal/mpc_3_phase_im/sim_vdc\xsim.jou
# Running On: LAPTOP-0Q2U4T72, OS: Windows, CPU Frequency: 2918 MHz, CPU Physical cores: 14, Host memory: 16908 MB
#-----------------------------------------------------------
source xsim.dir/tb_vdc_snap/xsim_script.tcl
# xsim {tb_vdc_snap} -autoloadwcfg -runall
Time resolution is 1 ps
run -all
===================================================================
       RIGOROUS VERIFICATION TESTBENCH: vdc_manager.v & voltage_lut 
===================================================================

--- PHASE 1: Reset Safety & Cycle 1-20 Startup Transient ---
[PASS #001] Asynchronous reset active: vdc_q seeded safely to 311V default, valid=0
[55000 ns] Released rst_n. Monitoring startup FSM (Steps 0..7)...
[PASS #002] Startup FSM completed: vdc_valid pulsed high on Step 7!
[PASS #003] Vdc= 311.0V | V1a=207.33V | V2a=103.67V | V2b=179.59V | Startup Default 311V Calculations

--- Checking Adversarial Cycle 9 Zeroing Hazard ---
[PASS #004] Cycles 9..25 Passed: vdc_q remained stable at 311V! No startup zeroing hazard.

--- Testing All 8 Switching Vectors for Vdc = 311.0 V (Nominal 311V Bench Test) ---
[PASS #005] Vector V0: Gates=000 | Alpha=   0.00V | Beta=   0.00V | Mag=   0.00V (   0 deg) | V0 Zero Vector (000)
[PASS #006] Vector V1: Gates=100 | Alpha= 207.33V | Beta=   0.00V | Mag= 207.33V (   0 deg) | V1 Active Vector (100) @ 0 deg
[PASS #007] Vector V2: Gates=110 | Alpha= 103.67V | Beta= 179.59V | Mag= 207.36V (  60 deg) | V2 Active Vector (110) @ +60 deg
[PASS #008] Vector V3: Gates=010 | Alpha=-103.67V | Beta= 179.59V | Mag= 207.36V ( 120 deg) | V3 Active Vector (010) @ +120 deg
[PASS #009] Vector V4: Gates=011 | Alpha=-207.33V | Beta=   0.00V | Mag= 207.33V ( 180 deg) | V4 Active Vector (011) @ 180 deg
[PASS #010] Vector V5: Gates=001 | Alpha=-103.67V | Beta=-179.59V | Mag= 207.36V ( 240 deg) | V5 Active Vector (001) @ 240 deg
[PASS #011] Vector V6: Gates=101 | Alpha= 103.67V | Beta=-179.59V | Mag= 207.36V ( 300 deg) | V6 Active Vector (101) @ 300 deg
[PASS #012] Vector V7: Gates=111 | Alpha=   0.00V | Beta=   0.00V | Mag=   0.00V (   0 deg) | V7 Zero Vector (111)

--- PHASE 2: Mechanical Contact Chatter & Glitch Rejection (< 10 ms) ---
Applying rapid switch contact chatter (bounces shorter than 10 ms debounce filter)...
[PASS #013] 1 ms chatter burst rejected! vdc_q remained 311V, no false trigger.
[PASS #014] 9.9 ms chatter burst rejected! Exactly under 10 ms threshold.

--- PHASE 3: Valid Debounce & Voltage Step Transitions (> 10 ms) ---
[11900336000 ns] Applying sw = 8'h01 (Fine +3V)... waiting for debounce & calculation...
[PASS #015] Vdc=   3.0V | V1a=  2.00V | V2a=  1.00V | V2b=  1.73V | Fine Increment: 3V (sw=0x01)
[21900466000 ns] Applying sw = 8'h00 (0V Standstill)... waiting for debounce & calculation...
[PASS #016] Vdc=   0.0V | V1a=  0.00V | V2a=  0.00V | V2b=  0.00V | Zero Volts State (sw=0x00 -> 0V)

--- Testing All 8 Switching Vectors for Vdc = 0.0 V (0V Standstill / Variac at 0) ---
[PASS #017] Vector V0: Gates=000 | Alpha=   0.00V | Beta=   0.00V | Mag=   0.00V (   0 deg) | V0 Zero Vector (000)
[PASS #018] Vector V1: Gates=100 | Alpha=   0.00V | Beta=   0.00V | Mag=   0.00V (   0 deg) | V1 Active Vector (100) @ 0 deg
[PASS #019] Vector V2: Gates=110 | Alpha=   0.00V | Beta=   0.00V | Mag=   0.00V (  60 deg) | V2 Active Vector (110) @ +60 deg
[PASS #020] Vector V3: Gates=010 | Alpha=   0.00V | Beta=   0.00V | Mag=   0.00V ( 120 deg) | V3 Active Vector (010) @ +120 deg
[PASS #021] Vector V4: Gates=011 | Alpha=   0.00V | Beta=   0.00V | Mag=   0.00V ( 180 deg) | V4 Active Vector (011) @ 180 deg
[PASS #022] Vector V5: Gates=001 | Alpha=   0.00V | Beta=   0.00V | Mag=   0.00V ( 240 deg) | V5 Active Vector (001) @ 240 deg
[PASS #023] Vector V6: Gates=101 | Alpha=   0.00V | Beta=   0.00V | Mag=   0.00V ( 300 deg) | V6 Active Vector (101) @ 300 deg
[PASS #024] Vector V7: Gates=111 | Alpha=   0.00V | Beta=   0.00V | Mag=   0.00V (   0 deg) | V7 Zero Vector (111)
[31900604000 ns] Applying sw = 8'h10 (Coarse +40V)... waiting for debounce & calculation...
[PASS #025] Vdc=  40.0V | V1a= 26.67V | V2a= 13.33V | V2b= 23.10V | Coarse Increment: 40V (sw=0x10)
[41900726000 ns] Applying sw = 8'hD7 (400V Motor Operating Bus: 541V)... waiting for debounce & calculation...
[PASS #026] Vdc= 541.0V | V1a=360.67V | V2a=180.33V | V2b=312.41V | 400V Motor Nominal DC Bus (sw=0xD7 -> 541V)

--- Testing All 8 Switching Vectors for Vdc = 541.0 V (400V Motor Full DC Bus (541V)) ---
[PASS #027] Vector V0: Gates=000 | Alpha=   0.00V | Beta=   0.00V | Mag=   0.00V (   0 deg) | V0 Zero Vector (000)
[PASS #028] Vector V1: Gates=100 | Alpha= 360.67V | Beta=   0.00V | Mag= 360.67V (   0 deg) | V1 Active Vector (100) @ 0 deg
[PASS #029] Vector V2: Gates=110 | Alpha= 180.33V | Beta= 312.41V | Mag= 360.72V (  60 deg) | V2 Active Vector (110) @ +60 deg
[PASS #030] Vector V3: Gates=010 | Alpha=-180.33V | Beta= 312.41V | Mag= 360.72V ( 120 deg) | V3 Active Vector (010) @ +120 deg
[PASS #031] Vector V4: Gates=011 | Alpha=-360.67V | Beta=   0.00V | Mag= 360.67V ( 180 deg) | V4 Active Vector (011) @ 180 deg
[PASS #032] Vector V5: Gates=001 | Alpha=-180.33V | Beta=-312.41V | Mag= 360.72V ( 240 deg) | V5 Active Vector (001) @ 240 deg
[PASS #033] Vector V6: Gates=101 | Alpha= 180.33V | Beta=-312.41V | Mag= 360.72V ( 300 deg) | V6 Active Vector (101) @ 300 deg
[PASS #034] Vector V7: Gates=111 | Alpha=   0.00V | Beta=   0.00V | Mag=   0.00V (   0 deg) | V7 Zero Vector (111)
[51900864000 ns] Applying sw = 8'hFF (Maximum Full Scale: 645V)... waiting for debounce & calculation...
[PASS #035] Vdc= 645.0V | V1a=430.00V | V2a=215.00V | V2b=372.46V | Maximum DIP Switch Dynamic Range (sw=0xFF -> 645V)

--- Testing All 8 Switching Vectors for Vdc = 645.0 V (Maximum Over-Voltage Test (645V)) ---
[PASS #036] Vector V0: Gates=000 | Alpha=   0.00V | Beta=   0.00V | Mag=   0.00V (   0 deg) | V0 Zero Vector (000)
[PASS #037] Vector V1: Gates=100 | Alpha= 430.00V | Beta=   0.00V | Mag= 430.00V (   0 deg) | V1 Active Vector (100) @ 0 deg
[PASS #038] Vector V2: Gates=110 | Alpha= 215.00V | Beta= 372.46V | Mag= 430.06V (  60 deg) | V2 Active Vector (110) @ +60 deg
[PASS #039] Vector V3: Gates=010 | Alpha=-215.00V | Beta= 372.46V | Mag= 430.06V ( 120 deg) | V3 Active Vector (010) @ +120 deg
[PASS #040] Vector V4: Gates=011 | Alpha=-430.00V | Beta=   0.00V | Mag= 430.00V ( 180 deg) | V4 Active Vector (011) @ 180 deg
[PASS #041] Vector V5: Gates=001 | Alpha=-215.00V | Beta=-372.46V | Mag= 430.06V ( 240 deg) | V5 Active Vector (001) @ 240 deg
[PASS #042] Vector V6: Gates=101 | Alpha= 215.00V | Beta=-372.46V | Mag= 430.06V ( 300 deg) | V6 Active Vector (101) @ 300 deg
[PASS #043] Vector V7: Gates=111 | Alpha=   0.00V | Beta=   0.00V | Mag=   0.00V (   0 deg) | V7 Zero Vector (111)

--- PHASE 4: Geometric Orthogonality & Vector Norm Verification ---
[PASS #044] Hexagonal Symmetry: |V1|=430.00V, |V2|=430.06V (Diff=0.0606V < 0.15V)

===================================================================
       VDC MANAGER & VOLTAGE LUT TESTBENCH EXECUTION SUMMARY       
===================================================================
 Total Verification Tests Evaluated : 44
 Passed Tests                       : 44
 Failed Tests                       : 0
===================================================================
 >>> ALL VDC MANAGER & VOLTAGE LUT TESTS PASSED PERFECTLY! ZERO ERRORS. <<< 

$finish called at time : 61900994 ns : File "C:/Users/Dhananjay Dhumal/mpc_3_phase_im/mpc_3_phase_im.srcs/sim_1/imports/tb/tb_vdc_manager.v" Line 414
exit
INFO: [Common 17-206] Exiting xsim at Wed Sep 30 09:35:02 2026...
