#-----------------------------------------------------------
# xsim v2023.2 (64-bit)
# SW Build 4029153 on Fri Oct 13 20:14:34 MDT 2023
# IP Build 4028589 on Sat Oct 14 00:45:43 MDT 2023
# SharedData Build 4025554 on Tue Oct 10 17:18:54 MDT 2023
# Start of session at: Sat Oct  3 00:39:33 2026
# Process ID: 31104
# Current directory: C:/Users/Dhananjay Dhumal/mpc_3_phase_im/sim_flux
# Command line: xsim.exe -mode tcl -source {xsim.dir/tb_comp_sim/xsim_script.tcl}
# Log file: C:/Users/Dhananjay Dhumal/mpc_3_phase_im/sim_flux/xsim.log
# Journal file: C:/Users/Dhananjay Dhumal/mpc_3_phase_im/sim_flux\xsim.jou
# Running On: LAPTOP-0Q2U4T72, OS: Windows, CPU Frequency: 2918 MHz, CPU Physical cores: 14, Host memory: 16908 MB
#-----------------------------------------------------------
source xsim.dir/tb_comp_sim/xsim_script.tcl
# xsim {tb_comp_sim} -autoloadwcfg -runall
Time resolution is 1 ps
run -all
================================================================================
  STARTING COMPARISON TESTBENCH: 1st-ORDER EULER VS 2nd-ORDER TAYLOR EULER
================================================================================

--- TEST CASE 1: Standstill Magnetization (wr = 0 rad/s, Is = 4.73 A) ---
Standstill (t = 0.6s):
  1st-Order Flux: 0.9154 Wb
  2nd-Order Flux: 0.9154 Wb
  Nominal Lm*Is:  0.9600 Wb
[PASS] At standstill (wr=0), both 1st and 2nd order match identically.

--- TEST CASE 2: Rated Speed (wr = 157.08 rad/s, fe = 50 Hz, Is = 4.73 A) ---
Rated Speed (t = 3.0s, wr = 157.08 rad/s):
  1st-Order Flux: 1.2278 Wb (Amplification: +27.9%)
  2nd-Order Flux: 0.9581 Wb (Error vs Rated: 0.2f%)-0.193237
[PASS] 2nd-Order Euler successfully eliminates artificial amplification!

--- TEST CASE 3: High Speed (wr = 250.0 rad/s = 2387 RPM, Is = 4.73 A) ---
High Speed (t = 4.0s, wr = 250.0 rad/s):
  1st-Order Flux: 2.2598 Wb (Amplification: +135.4%)
  2nd-Order Flux: 0.9572 Wb (Error vs Rated: 0.2f%)-0.296124

--- TEST CASE 4: Beyond Stability Limit (wr = 350.0 rad/s > 321.5 rad/s limit) ---
Beyond Limit (t = 4.5s, wr = 350.0 rad/s):
  1st-Order Flux: 2.4657 Wb
  2nd-Order Flux: 0.9546 Wb
[PASS] 2nd-Order Taylor Euler remains perfectly STABLE and ACCURATE at 350 rad/s!

================================================================================
  ALL VERIFICATION TESTS COMPLETED SUCCESSFULLY!
================================================================================
$finish called at time : 7020195 ns : File "C:/Users/Dhananjay Dhumal/mpc_3_phase_im/sim_flux/tb_flux_observer_comparison.v" Line 237
exit
INFO: [Common 17-206] Exiting xsim at Sat Oct  3 00:39:36 2026...
